Warning: sta.tcl, 5 report_checks -verbose is not a known keyword or flag.
Startpoint: reset (input port clocked by MYCLK)
Endpoint: _387_ (removal check against rising-edge clock MYCLK)
Path Group: **async_default**
Path Type: min

Fanout       Cap      Slew     Delay      Time   Description
------------------------------------------------------------------------------------
                   0.0000    0.0000    0.0000   clock MYCLK (rise edge)
                             3.0000    3.0000   clock network delay (ideal)
                             1.0000    4.0000 v input external delay
                   0.1000    0.0000    4.0000 v reset (in)
    1    0.0031                                 reset (net)
                   0.1000    0.0000    4.0000 v _331_/A (sky130_fd_sc_hd__clkinv_1)
                   0.5920    0.4295    4.4295 ^ _331_/Y (sky130_fd_sc_hd__clkinv_1)
   40    0.1507                                 _224_ (net)
                   0.5920    0.0000    4.4295 ^ _387_/RESET_B (sky130_fd_sc_hd__dfrtp_1)
                                       4.4295   data arrival time

                   0.0000    0.0000    0.0000   clock MYCLK (rise edge)
                             3.0000    3.0000   clock network delay (ideal)
                             0.1000    3.1000   clock uncertainty
                             0.0000    3.1000   clock reconvergence pessimism
                                       3.1000 ^ _387_/CLK (sky130_fd_sc_hd__dfrtp_1)
                             0.3139    3.4139   library removal time
                                       3.4139   data required time
------------------------------------------------------------------------------------
                                       3.4139   data required time
                                      -4.4295   data arrival time
------------------------------------------------------------------------------------
                                       1.0155   slack (MET)


Startpoint: _421_ (rising edge-triggered flip-flop clocked by MYCLK)
Endpoint: _421_ (rising edge-triggered flip-flop clocked by MYCLK)
Path Group: MYCLK
Path Type: min

Fanout       Cap      Slew     Delay      Time   Description
------------------------------------------------------------------------------------
                   0.0000    0.0000    0.0000   clock MYCLK (rise edge)
                             3.0000    3.0000   clock network delay (ideal)
                   0.0000    0.0000    3.0000 ^ _421_/CLK (sky130_fd_sc_hd__dfrtp_1)
                   0.0725    0.2324    3.2324 ^ _421_/Q (sky130_fd_sc_hd__dfrtp_1)
    4    0.0094                                 counter_PWM[0] (net)
                   0.0725    0.0000    3.2324 ^ _351_/A (sky130_fd_sc_hd__nor2_1)
                   0.0248    0.0320    3.2644 v _351_/Y (sky130_fd_sc_hd__nor2_1)
    1    0.0021                                 _187_ (net)
                   0.0248    0.0000    3.2644 v _421_/D (sky130_fd_sc_hd__dfrtp_1)
                                       3.2644   data arrival time

                   0.0000    0.0000    0.0000   clock MYCLK (rise edge)
                             3.0000    3.0000   clock network delay (ideal)
                             0.1000    3.1000   clock uncertainty
                             0.0000    3.1000   clock reconvergence pessimism
                                       3.1000 ^ _421_/CLK (sky130_fd_sc_hd__dfrtp_1)
                            -0.0251    3.0749   library hold time
                                       3.0749   data required time
------------------------------------------------------------------------------------
                                       3.0749   data required time
                                      -3.2644   data arrival time
------------------------------------------------------------------------------------
                                       0.1895   slack (MET)


Startpoint: _389_ (rising edge-triggered flip-flop clocked by MYCLK)
Endpoint: PWM_OUT (output port clocked by MYGEN_CLK)
Path Group: MYGEN_CLK
Path Type: min

Fanout       Cap      Slew     Delay      Time   Description
------------------------------------------------------------------------------------
                   0.0000    0.0000    0.0000   clock MYCLK (rise edge)
                             3.0000    3.0000   clock network delay (ideal)
                   0.0000    0.0000    3.0000 ^ _389_/CLK (sky130_fd_sc_hd__dfrtp_1)
                   0.1052    0.2569    3.2569 ^ _389_/Q (sky130_fd_sc_hd__dfrtp_1)
    5    0.0151                                 DUTY_CYCLE[3] (net)
                   0.1052    0.0000    3.2569 ^ _360_/A (sky130_fd_sc_hd__maj3_1)
                   0.3408    0.3293    3.5862 ^ _360_/X (sky130_fd_sc_hd__maj3_1)
    1    0.0500                                 _223_ (net)
                   0.3408    0.0000    3.5862 ^ PWM_OUT (out)
                                       3.5862   data arrival time

                   0.0000    0.0000    0.0000   clock MYGEN_CLK (rise edge)
                             0.0000    0.0000   clock network delay (ideal)
                             0.0000    0.0000   clock reconvergence pessimism
                            -1.0000   -1.0000   output external delay
                                      -1.0000   data required time
------------------------------------------------------------------------------------
                                      -1.0000   data required time
                                      -3.5862   data arrival time
------------------------------------------------------------------------------------
                                       4.5862   slack (MET)


Startpoint: reset (input port clocked by MYCLK)
Endpoint: _387_ (recovery check against rising-edge clock MYCLK)
Path Group: **async_default**
Path Type: max

Fanout       Cap      Slew     Delay      Time   Description
------------------------------------------------------------------------------------
                   0.0000    0.0000    0.0000   clock MYCLK (rise edge)
                             3.0000    3.0000   clock network delay (ideal)
                             5.0000    8.0000 v input external delay
                   0.4000    0.0000    8.0000 v reset (in)
    1    0.0031                                 reset (net)
                   0.4000    0.0000    8.0000 v _331_/A (sky130_fd_sc_hd__clkinv_1)
                   0.6107    0.5256    8.5257 ^ _331_/Y (sky130_fd_sc_hd__clkinv_1)
   40    0.1507                                 _224_ (net)
                   0.6107    0.0000    8.5257 ^ _387_/RESET_B (sky130_fd_sc_hd__dfrtp_1)
                                       8.5257   data arrival time

                   0.0000   10.0000   10.0000   clock MYCLK (rise edge)
                             3.0000   13.0000   clock network delay (ideal)
                            -0.5000   12.5000   clock uncertainty
                             0.0000   12.5000   clock reconvergence pessimism
                                      12.5000 ^ _387_/CLK (sky130_fd_sc_hd__dfrtp_1)
                             0.0361   12.5361   library recovery time
                                      12.5361   data required time
------------------------------------------------------------------------------------
                                      12.5361   data required time
                                      -8.5257   data arrival time
------------------------------------------------------------------------------------
                                       4.0105   slack (MET)


Startpoint: increase_duty (input port clocked by MYCLK)
Endpoint: _418_ (rising edge-triggered flip-flop clocked by MYCLK)
Path Group: MYCLK
Path Type: max

Fanout       Cap      Slew     Delay      Time   Description
------------------------------------------------------------------------------------
                   0.0000    0.0000    0.0000   clock MYCLK (rise edge)
                             3.0000    3.0000   clock network delay (ideal)
                             5.0000    8.0000 v input external delay
                   0.4000    0.0000    8.0000 v increase_duty (in)
    1    0.0019                                 increase_duty (net)
                   0.4000    0.0000    8.0000 v _382_/A1 (sky130_fd_sc_hd__mux2_1)
                   0.0488    0.2520    8.2520 v _382_/X (sky130_fd_sc_hd__mux2_1)
    1    0.0021                                 _229_ (net)
                   0.0488    0.0000    8.2520 v _418_/D (sky130_fd_sc_hd__dfrtp_1)
                                       8.2520   data arrival time

                   0.0000   10.0000   10.0000   clock MYCLK (rise edge)
                             3.0000   13.0000   clock network delay (ideal)
                            -0.5000   12.5000   clock uncertainty
                             0.0000   12.5000   clock reconvergence pessimism
                                      12.5000 ^ _418_/CLK (sky130_fd_sc_hd__dfrtp_1)
                            -0.0718   12.4282   library setup time
                                      12.4282   data required time
------------------------------------------------------------------------------------
                                      12.4282   data required time
                                      -8.2520   data arrival time
------------------------------------------------------------------------------------
                                       4.1762   slack (MET)


Startpoint: _386_ (rising edge-triggered flip-flop clocked by MYCLK)
Endpoint: PWM_OUT (output port clocked by MYGEN_CLK)
Path Group: MYGEN_CLK
Path Type: max

Fanout       Cap      Slew     Delay      Time   Description
------------------------------------------------------------------------------------
                   0.0000    0.0000    0.0000   clock MYCLK (rise edge)
                             3.0000    3.0000   clock network delay (ideal)
                   0.0000    0.0000    3.0000 ^ _386_/CLK (sky130_fd_sc_hd__dfstp_2)
                   0.0418    0.2580    3.2580 v _386_/Q (sky130_fd_sc_hd__dfstp_2)
    5    0.0160                                 DUTY_CYCLE[0] (net)
                   0.0418    0.0000    3.2580 v _357_/A (sky130_fd_sc_hd__lpflow_isobufsrc_1)
                   0.0333    0.0829    3.3408 v _357_/X (sky130_fd_sc_hd__lpflow_isobufsrc_1)
    1    0.0031                                 _279_ (net)
                   0.0333    0.0000    3.3408 v _358_/C (sky130_fd_sc_hd__maj3_1)
                   0.0535    0.1700    3.5108 v _358_/X (sky130_fd_sc_hd__maj3_1)
    1    0.0031                                 _280_ (net)
                   0.0535    0.0000    3.5108 v _359_/C (sky130_fd_sc_hd__maj3_1)
                   0.0535    0.1734    3.6842 v _359_/X (sky130_fd_sc_hd__maj3_1)
    1    0.0031                                 _281_ (net)
                   0.0535    0.0000    3.6842 v _360_/C (sky130_fd_sc_hd__maj3_1)
                   0.4050    0.5022    4.1863 v _360_/X (sky130_fd_sc_hd__maj3_1)
    1    0.1000                                 _223_ (net)
                   0.4050    0.0000    4.1863 v PWM_OUT (out)
                                       4.1863   data arrival time

                   0.0000   10.0000   10.0000   clock MYGEN_CLK (rise edge)
                             0.0000   10.0000   clock network delay (ideal)
                             0.0000   10.0000   clock reconvergence pessimism
                            -3.0000    7.0000   output external delay
                                       7.0000   data required time
------------------------------------------------------------------------------------
                                       7.0000   data required time
                                      -4.1863   data arrival time
------------------------------------------------------------------------------------
                                       2.8137   slack (MET)


