Warning: sta.tcl, 5 report_checks -verbose is not a known keyword or flag.
Startpoint: reset (input port clocked by MYCLK)
Endpoint: _387_ (removal check against rising-edge clock MYCLK)
Path Group: **async_default**
Path Type: min

Fanout       Cap      Slew     Delay      Time   Description
------------------------------------------------------------------------------------
                   0.0000    0.0000    0.0000   clock MYCLK (rise edge)
                             3.0000    3.0000   clock network delay (ideal)
                             1.0000    4.0000 v input external delay
                   0.1000    0.0000    4.0000 v reset (in)
    1    0.0024                                 reset (net)
                   0.1000    0.0000    4.0000 v _331_/A (sky130_fd_sc_hd__clkinv_1)
                   3.8256    2.8878    6.8878 ^ _331_/Y (sky130_fd_sc_hd__clkinv_1)
   40    0.1174                                 _224_ (net)
                   3.8256    0.0000    6.8878 ^ _387_/RESET_B (sky130_fd_sc_hd__dfrtp_1)
                                       6.8878   data arrival time

                   0.0000    0.0000    0.0000   clock MYCLK (rise edge)
                             3.0000    3.0000   clock network delay (ideal)
                             0.1000    3.1000   clock uncertainty
                             0.0000    3.1000   clock reconvergence pessimism
                                       3.1000 ^ _387_/CLK (sky130_fd_sc_hd__dfrtp_1)
                             4.4073    7.5073   library removal time
                                       7.5073   data required time
------------------------------------------------------------------------------------
                                       7.5073   data required time
                                      -6.8878   data arrival time
------------------------------------------------------------------------------------
                                      -0.6195   slack (VIOLATED)


Startpoint: increase_duty (input port clocked by MYCLK)
Endpoint: _418_ (rising edge-triggered flip-flop clocked by MYCLK)
Path Group: MYCLK
Path Type: min

Fanout       Cap      Slew     Delay      Time   Description
------------------------------------------------------------------------------------
                   0.0000    0.0000    0.0000   clock MYCLK (rise edge)
                             3.0000    3.0000   clock network delay (ideal)
                             1.0000    4.0000 ^ input external delay
                   0.1000    0.0000    4.0000 ^ increase_duty (in)
    1    0.0016                                 increase_duty (net)
                   0.1000    0.0000    4.0000 ^ _382_/A1 (sky130_fd_sc_hd__mux2_1)
                   0.1583    0.4710    4.4710 ^ _382_/X (sky130_fd_sc_hd__mux2_1)
    1    0.0016                                 _229_ (net)
                   0.1583    0.0000    4.4710 ^ _418_/D (sky130_fd_sc_hd__dfrtp_1)
                                       4.4710   data arrival time

                   0.0000    0.0000    0.0000   clock MYCLK (rise edge)
                             3.0000    3.0000   clock network delay (ideal)
                             0.1000    3.1000   clock uncertainty
                             0.0000    3.1000   clock reconvergence pessimism
                                       3.1000 ^ _418_/CLK (sky130_fd_sc_hd__dfrtp_1)
                            -0.1942    2.9058   library hold time
                                       2.9058   data required time
------------------------------------------------------------------------------------
                                       2.9058   data required time
                                      -4.4710   data arrival time
------------------------------------------------------------------------------------
                                       1.5653   slack (MET)


Startpoint: _389_ (rising edge-triggered flip-flop clocked by MYCLK)
Endpoint: PWM_OUT (output port clocked by MYGEN_CLK)
Path Group: MYGEN_CLK
Path Type: min

Fanout       Cap      Slew     Delay      Time   Description
------------------------------------------------------------------------------------
                   0.0000    0.0000    0.0000   clock MYCLK (rise edge)
                             3.0000    3.0000   clock network delay (ideal)
                   0.0000    0.0000    3.0000 ^ _389_/CLK (sky130_fd_sc_hd__dfrtp_1)
                   0.5956    2.1566    5.1566 ^ _389_/Q (sky130_fd_sc_hd__dfrtp_1)
    5    0.0119                                 DUTY_CYCLE[3] (net)
                   0.5956    0.0000    5.1566 ^ _360_/A (sky130_fd_sc_hd__maj3_1)
                   3.0438    2.9775    8.1341 ^ _360_/X (sky130_fd_sc_hd__maj3_1)
    1    0.0500                                 _223_ (net)
                   3.0438    0.0000    8.1341 ^ PWM_OUT (out)
                                       8.1341   data arrival time

                   0.0000    0.0000    0.0000   clock MYGEN_CLK (rise edge)
                             0.0000    0.0000   clock network delay (ideal)
                             0.0000    0.0000   clock reconvergence pessimism
                            -1.0000   -1.0000   output external delay
                                      -1.0000   data required time
------------------------------------------------------------------------------------
                                      -1.0000   data required time
                                      -8.1341   data arrival time
------------------------------------------------------------------------------------
                                       9.1341   slack (MET)


Startpoint: reset (input port clocked by MYCLK)
Endpoint: _386_ (recovery check against rising-edge clock MYCLK)
Path Group: **async_default**
Path Type: max

Fanout       Cap      Slew     Delay      Time   Description
------------------------------------------------------------------------------------
                   0.0000    0.0000    0.0000   clock MYCLK (rise edge)
                             3.0000    3.0000   clock network delay (ideal)
                             5.0000    8.0000 v input external delay
                   0.4000    0.0000    8.0000 v reset (in)
    1    0.0024                                 reset (net)
                   0.4000    0.0000    8.0000 v _331_/A (sky130_fd_sc_hd__clkinv_1)
                   3.8340    3.0864   11.0864 ^ _331_/Y (sky130_fd_sc_hd__clkinv_1)
   40    0.1174                                 _224_ (net)
                   3.8340    0.0000   11.0864 ^ _386_/SET_B (sky130_fd_sc_hd__dfstp_2)
                                      11.0864   data arrival time

                   0.0000   10.0000   10.0000   clock MYCLK (rise edge)
                             3.0000   13.0000   clock network delay (ideal)
                            -0.5000   12.5000   clock uncertainty
                             0.0000   12.5000   clock reconvergence pessimism
                                      12.5000 ^ _386_/CLK (sky130_fd_sc_hd__dfstp_2)
                            -0.8562   11.6438   library recovery time
                                      11.6438   data required time
------------------------------------------------------------------------------------
                                      11.6438   data required time
                                     -11.0864   data arrival time
------------------------------------------------------------------------------------
                                       0.5574   slack (MET)


Startpoint: _397_ (rising edge-triggered flip-flop clocked by MYCLK)
Endpoint: _389_ (rising edge-triggered flip-flop clocked by MYCLK)
Path Group: MYCLK
Path Type: max

Fanout       Cap      Slew     Delay      Time   Description
------------------------------------------------------------------------------------
                   0.0000    0.0000    0.0000   clock MYCLK (rise edge)
                             3.0000    3.0000   clock network delay (ideal)
                   0.0000    0.0000    3.0000 ^ _397_/CLK (sky130_fd_sc_hd__dfrtp_1)
                   0.1435    2.0423    5.0423 v _397_/Q (sky130_fd_sc_hd__dfrtp_1)
    1    0.0011                                 counter_debounce[7] (net)
                   0.1435    0.0000    5.0423 v _333_/A (sky130_fd_sc_hd__or4_1)
                   0.5847    5.4585   10.5007 v _333_/X (sky130_fd_sc_hd__or4_1)
    2    0.0033                                 _304_ (net)
                   0.5847    0.0000   10.5007 v _368_/B (sky130_fd_sc_hd__nor4_1)
                   4.8444    4.8845   15.3852 ^ _368_/Y (sky130_fd_sc_hd__nor4_1)
    5    0.0121                                 _289_ (net)
                   4.8444    0.0000   15.3852 ^ _369_/C (sky130_fd_sc_hd__nand3_1)
                   0.9186    3.0761   18.4613 v _369_/Y (sky130_fd_sc_hd__nand3_1)
    5    0.0163                                 _290_ (net)
                   0.9186    0.0000   18.4613 v _374_/C (sky130_fd_sc_hd__maj3_1)
                   0.4577    3.6777   22.1390 v _374_/X (sky130_fd_sc_hd__maj3_1)
    2    0.0063                                 _293_ (net)
                   0.4577    0.0000   22.1390 v _378_/C (sky130_fd_sc_hd__maj3_1)
                   0.4078    3.2865   25.4255 v _378_/X (sky130_fd_sc_hd__maj3_1)
    1    0.0037                                 _296_ (net)
                   0.4078    0.0000   25.4255 v _380_/A (sky130_fd_sc_hd__xnor2_1)
                   0.1397    0.8783   26.3038 v _380_/Y (sky130_fd_sc_hd__xnor2_1)
    1    0.0013                                 _298_ (net)
                   0.1397    0.0000   26.3038 v _381_/A0 (sky130_fd_sc_hd__mux2_1)
                   0.3091    2.7458   29.0497 v _381_/X (sky130_fd_sc_hd__mux2_1)
    1    0.0015                                 _228_ (net)
                   0.3091    0.0000   29.0497 v _389_/D (sky130_fd_sc_hd__dfrtp_1)
                                      29.0497   data arrival time

                   0.0000   10.0000   10.0000   clock MYCLK (rise edge)
                             3.0000   13.0000   clock network delay (ideal)
                            -0.5000   12.5000   clock uncertainty
                             0.0000   12.5000   clock reconvergence pessimism
                                      12.5000 ^ _389_/CLK (sky130_fd_sc_hd__dfrtp_1)
                            -1.7855   10.7145   library setup time
                                      10.7145   data required time
------------------------------------------------------------------------------------
                                      10.7145   data required time
                                     -29.0497   data arrival time
------------------------------------------------------------------------------------
                                     -18.3351   slack (VIOLATED)


Startpoint: _386_ (rising edge-triggered flip-flop clocked by MYCLK)
Endpoint: PWM_OUT (output port clocked by MYGEN_CLK)
Path Group: MYGEN_CLK
Path Type: max

Fanout       Cap      Slew     Delay      Time   Description
------------------------------------------------------------------------------------
                   0.0000    0.0000    0.0000   clock MYCLK (rise edge)
                             3.0000    3.0000   clock network delay (ideal)
                   0.0000    0.0000    3.0000 ^ _386_/CLK (sky130_fd_sc_hd__dfstp_2)
                   0.1426    1.7919    4.7919 v _386_/Q (sky130_fd_sc_hd__dfstp_2)
    5    0.0127                                 DUTY_CYCLE[0] (net)
                   0.1426    0.0000    4.7919 v _357_/A (sky130_fd_sc_hd__lpflow_isobufsrc_1)
                   0.1324    0.8054    5.5973 v _357_/X (sky130_fd_sc_hd__lpflow_isobufsrc_1)
    1    0.0026                                 _279_ (net)
                   0.1324    0.0000    5.5973 v _358_/C (sky130_fd_sc_hd__maj3_1)
                   0.3846    3.0516    8.6489 v _358_/X (sky130_fd_sc_hd__maj3_1)
    1    0.0026                                 _280_ (net)
                   0.3846    0.0000    8.6489 v _359_/C (sky130_fd_sc_hd__maj3_1)
                   0.3864    3.1964   11.8453 v _359_/X (sky130_fd_sc_hd__maj3_1)
    1    0.0026                                 _281_ (net)
                   0.3864    0.0000   11.8453 v _360_/C (sky130_fd_sc_hd__maj3_1)
                   1.5914    4.7682   16.6135 v _360_/X (sky130_fd_sc_hd__maj3_1)
    1    0.1000                                 _223_ (net)
                   1.5914    0.0000   16.6135 v PWM_OUT (out)
                                      16.6135   data arrival time

                   0.0000   10.0000   10.0000   clock MYGEN_CLK (rise edge)
                             0.0000   10.0000   clock network delay (ideal)
                             0.0000   10.0000   clock reconvergence pessimism
                            -3.0000    7.0000   output external delay
                                       7.0000   data required time
------------------------------------------------------------------------------------
                                       7.0000   data required time
                                     -16.6135   data arrival time
------------------------------------------------------------------------------------
                                      -9.6135   slack (VIOLATED)


