Warning: sta.tcl, 5 report_checks -verbose is not a known keyword or flag.
Startpoint: reset (input port clocked by MYCLK)
Endpoint: _387_ (removal check against rising-edge clock MYCLK)
Path Group: **async_default**
Path Type: min

Fanout       Cap      Slew     Delay      Time   Description
------------------------------------------------------------------------------------
                   0.0000    0.0000    0.0000   clock MYCLK (rise edge)
                             3.0000    3.0000   clock network delay (ideal)
                             1.0000    4.0000 v input external delay
                   0.1000    0.0000    4.0000 v reset (in)
    1    0.0028                                 reset (net)
                   0.1000    0.0000    4.0000 v _331_/A (sky130_fd_sc_hd__clkinv_1)
                   1.4821    1.1241    5.1241 ^ _331_/Y (sky130_fd_sc_hd__clkinv_1)
   40    0.1271                                 _224_ (net)
                   1.4821    0.0000    5.1241 ^ _387_/RESET_B (sky130_fd_sc_hd__dfrtp_1)
                                       5.1241   data arrival time

                   0.0000    0.0000    0.0000   clock MYCLK (rise edge)
                             3.0000    3.0000   clock network delay (ideal)
                             0.1000    3.1000   clock uncertainty
                             0.0000    3.1000   clock reconvergence pessimism
                                       3.1000 ^ _387_/CLK (sky130_fd_sc_hd__dfrtp_1)
                             1.4328    4.5328   library removal time
                                       4.5328   data required time
------------------------------------------------------------------------------------
                                       4.5328   data required time
                                      -5.1241   data arrival time
------------------------------------------------------------------------------------
                                       0.5912   slack (MET)


Startpoint: _421_ (rising edge-triggered flip-flop clocked by MYCLK)
Endpoint: _421_ (rising edge-triggered flip-flop clocked by MYCLK)
Path Group: MYCLK
Path Type: min

Fanout       Cap      Slew     Delay      Time   Description
------------------------------------------------------------------------------------
                   0.0000    0.0000    0.0000   clock MYCLK (rise edge)
                             3.0000    3.0000   clock network delay (ideal)
                   0.0000    0.0000    3.0000 ^ _421_/CLK (sky130_fd_sc_hd__dfrtp_1)
                   0.2016    0.9622    3.9622 ^ _421_/Q (sky130_fd_sc_hd__dfrtp_1)
    4    0.0086                                 counter_PWM[0] (net)
                   0.2016    0.0000    3.9622 ^ _351_/A (sky130_fd_sc_hd__nor2_1)
                   0.0623    0.1515    4.1137 v _351_/Y (sky130_fd_sc_hd__nor2_1)
    1    0.0018                                 _187_ (net)
                   0.0623    0.0000    4.1137 v _421_/D (sky130_fd_sc_hd__dfrtp_1)
                                       4.1137   data arrival time

                   0.0000    0.0000    0.0000   clock MYCLK (rise edge)
                             3.0000    3.0000   clock network delay (ideal)
                             0.1000    3.1000   clock uncertainty
                             0.0000    3.1000   clock reconvergence pessimism
                                       3.1000 ^ _421_/CLK (sky130_fd_sc_hd__dfrtp_1)
                            -0.1496    2.9504   library hold time
                                       2.9504   data required time
------------------------------------------------------------------------------------
                                       2.9504   data required time
                                      -4.1137   data arrival time
------------------------------------------------------------------------------------
                                       1.1633   slack (MET)


Startpoint: _389_ (rising edge-triggered flip-flop clocked by MYCLK)
Endpoint: PWM_OUT (output port clocked by MYGEN_CLK)
Path Group: MYGEN_CLK
Path Type: min

Fanout       Cap      Slew     Delay      Time   Description
------------------------------------------------------------------------------------
                   0.0000    0.0000    0.0000   clock MYCLK (rise edge)
                             3.0000    3.0000   clock network delay (ideal)
                   0.0000    0.0000    3.0000 ^ _389_/CLK (sky130_fd_sc_hd__dfrtp_1)
                   0.2838    1.0307    4.0307 ^ _389_/Q (sky130_fd_sc_hd__dfrtp_1)
    5    0.0136                                 DUTY_CYCLE[3] (net)
                   0.2838    0.0000    4.0307 ^ _360_/A (sky130_fd_sc_hd__maj3_1)
                   1.0719    1.2126    5.2433 ^ _360_/X (sky130_fd_sc_hd__maj3_1)
    1    0.0500                                 _223_ (net)
                   1.0719    0.0000    5.2433 ^ PWM_OUT (out)
                                       5.2433   data arrival time

                   0.0000    0.0000    0.0000   clock MYGEN_CLK (rise edge)
                             0.0000    0.0000   clock network delay (ideal)
                             0.0000    0.0000   clock reconvergence pessimism
                            -1.0000   -1.0000   output external delay
                                      -1.0000   data required time
------------------------------------------------------------------------------------
                                      -1.0000   data required time
                                      -5.2433   data arrival time
------------------------------------------------------------------------------------
                                       6.2433   slack (MET)


Startpoint: reset (input port clocked by MYCLK)
Endpoint: _387_ (recovery check against rising-edge clock MYCLK)
Path Group: **async_default**
Path Type: max

Fanout       Cap      Slew     Delay      Time   Description
------------------------------------------------------------------------------------
                   0.0000    0.0000    0.0000   clock MYCLK (rise edge)
                             3.0000    3.0000   clock network delay (ideal)
                             5.0000    8.0000 v input external delay
                   0.4000    0.0000    8.0000 v reset (in)
    1    0.0028                                 reset (net)
                   0.4000    0.0000    8.0000 v _331_/A (sky130_fd_sc_hd__clkinv_1)
                   1.4849    1.2726    9.2726 ^ _331_/Y (sky130_fd_sc_hd__clkinv_1)
   40    0.1271                                 _224_ (net)
                   1.4849    0.0000    9.2726 ^ _387_/RESET_B (sky130_fd_sc_hd__dfrtp_1)
                                       9.2726   data arrival time

                   0.0000   10.0000   10.0000   clock MYCLK (rise edge)
                             3.0000   13.0000   clock network delay (ideal)
                            -0.5000   12.5000   clock uncertainty
                             0.0000   12.5000   clock reconvergence pessimism
                                      12.5000 ^ _387_/CLK (sky130_fd_sc_hd__dfrtp_1)
                             0.0234   12.5234   library recovery time
                                      12.5234   data required time
------------------------------------------------------------------------------------
                                      12.5234   data required time
                                      -9.2726   data arrival time
------------------------------------------------------------------------------------
                                       3.2508   slack (MET)


Startpoint: _397_ (rising edge-triggered flip-flop clocked by MYCLK)
Endpoint: _389_ (rising edge-triggered flip-flop clocked by MYCLK)
Path Group: MYCLK
Path Type: max

Fanout       Cap      Slew     Delay      Time   Description
------------------------------------------------------------------------------------
                   0.0000    0.0000    0.0000   clock MYCLK (rise edge)
                             3.0000    3.0000   clock network delay (ideal)
                   0.0000    0.0000    3.0000 ^ _397_/CLK (sky130_fd_sc_hd__dfrtp_1)
                   0.0867    0.9835    3.9835 v _397_/Q (sky130_fd_sc_hd__dfrtp_1)
    1    0.0013                                 counter_debounce[7] (net)
                   0.0867    0.0000    3.9835 v _333_/A (sky130_fd_sc_hd__or4_1)
                   0.2808    1.9202    5.9037 v _333_/X (sky130_fd_sc_hd__or4_1)
    2    0.0036                                 _304_ (net)
                   0.2808    0.0000    5.9037 v _368_/B (sky130_fd_sc_hd__nor4_1)
                   1.5543    1.5322    7.4359 ^ _368_/Y (sky130_fd_sc_hd__nor4_1)
    5    0.0138                                 _289_ (net)
                   1.5543    0.0000    7.4359 ^ _369_/C (sky130_fd_sc_hd__nand3_1)
                   0.7154    1.1705    8.6064 v _369_/Y (sky130_fd_sc_hd__nand3_1)
    5    0.0179                                 _290_ (net)
                   0.7154    0.0000    8.6064 v _374_/C (sky130_fd_sc_hd__maj3_1)
                   0.2621    1.5007   10.1071 v _374_/X (sky130_fd_sc_hd__maj3_1)
    2    0.0069                                 _293_ (net)
                   0.2621    0.0000   10.1071 v _378_/C (sky130_fd_sc_hd__maj3_1)
                   0.2211    1.2473   11.3544 v _378_/X (sky130_fd_sc_hd__maj3_1)
    1    0.0041                                 _296_ (net)
                   0.2211    0.0000   11.3544 v _380_/A (sky130_fd_sc_hd__xnor2_1)
                   0.0959    0.3478   11.7022 v _380_/Y (sky130_fd_sc_hd__xnor2_1)
    1    0.0014                                 _298_ (net)
                   0.0959    0.0000   11.7022 v _381_/A0 (sky130_fd_sc_hd__mux2_1)
                   0.1463    0.9543   12.6564 v _381_/X (sky130_fd_sc_hd__mux2_1)
    1    0.0018                                 _228_ (net)
                   0.1463    0.0000   12.6564 v _389_/D (sky130_fd_sc_hd__dfrtp_1)
                                      12.6564   data arrival time

                   0.0000   10.0000   10.0000   clock MYCLK (rise edge)
                             3.0000   13.0000   clock network delay (ideal)
                            -0.5000   12.5000   clock uncertainty
                             0.0000   12.5000   clock reconvergence pessimism
                                      12.5000 ^ _389_/CLK (sky130_fd_sc_hd__dfrtp_1)
                            -0.5222   11.9778   library setup time
                                      11.9778   data required time
------------------------------------------------------------------------------------
                                      11.9778   data required time
                                     -12.6564   data arrival time
------------------------------------------------------------------------------------
                                      -0.6786   slack (VIOLATED)


Startpoint: _386_ (rising edge-triggered flip-flop clocked by MYCLK)
Endpoint: PWM_OUT (output port clocked by MYGEN_CLK)
Path Group: MYGEN_CLK
Path Type: max

Fanout       Cap      Slew     Delay      Time   Description
------------------------------------------------------------------------------------
                   0.0000    0.0000    0.0000   clock MYCLK (rise edge)
                             3.0000    3.0000   clock network delay (ideal)
                   0.0000    0.0000    3.0000 ^ _386_/CLK (sky130_fd_sc_hd__dfstp_2)
                   0.1115    1.0113    4.0113 v _386_/Q (sky130_fd_sc_hd__dfstp_2)
    5    0.0144                                 DUTY_CYCLE[0] (net)
                   0.1115    0.0000    4.0113 v _357_/A (sky130_fd_sc_hd__lpflow_isobufsrc_1)
                   0.0892    0.3891    4.4003 v _357_/X (sky130_fd_sc_hd__lpflow_isobufsrc_1)
    1    0.0028                                 _279_ (net)
                   0.0892    0.0000    4.4003 v _358_/C (sky130_fd_sc_hd__maj3_1)
                   0.1973    1.1519    5.5522 v _358_/X (sky130_fd_sc_hd__maj3_1)
    1    0.0028                                 _280_ (net)
                   0.1973    0.0000    5.5522 v _359_/C (sky130_fd_sc_hd__maj3_1)
                   0.1967    1.1926    6.7448 v _359_/X (sky130_fd_sc_hd__maj3_1)
    1    0.0028                                 _281_ (net)
                   0.1967    0.0000    6.7448 v _360_/C (sky130_fd_sc_hd__maj3_1)
                   1.2319    2.1774    8.9222 v _360_/X (sky130_fd_sc_hd__maj3_1)
    1    0.1000                                 _223_ (net)
                   1.2319    0.0000    8.9222 v PWM_OUT (out)
                                       8.9222   data arrival time

                   0.0000   10.0000   10.0000   clock MYGEN_CLK (rise edge)
                             0.0000   10.0000   clock network delay (ideal)
                             0.0000   10.0000   clock reconvergence pessimism
                            -3.0000    7.0000   output external delay
                                       7.0000   data required time
------------------------------------------------------------------------------------
                                       7.0000   data required time
                                      -8.9222   data arrival time
------------------------------------------------------------------------------------
                                      -1.9222   slack (VIOLATED)


