Warning: sta.tcl, 5 report_checks -verbose is not a known keyword or flag.
Startpoint: reset (input port clocked by MYCLK)
Endpoint: _387_ (removal check against rising-edge clock MYCLK)
Path Group: **async_default**
Path Type: min

Fanout       Cap      Slew     Delay      Time   Description
------------------------------------------------------------------------------------
                   0.0000    0.0000    0.0000   clock MYCLK (rise edge)
                             3.0000    3.0000   clock network delay (ideal)
                             1.0000    4.0000 v input external delay
                   0.1000    0.0000    4.0000 v reset (in)
    1    0.0024                                 reset (net)
                   0.1000    0.0000    4.0000 v _331_/A (sky130_fd_sc_hd__clkinv_1)
                   2.8709    2.1942    6.1942 ^ _331_/Y (sky130_fd_sc_hd__clkinv_1)
   40    0.1200                                 _224_ (net)
                   2.8709    0.0000    6.1942 ^ _387_/RESET_B (sky130_fd_sc_hd__dfrtp_1)
                                       6.1942   data arrival time

                   0.0000    0.0000    0.0000   clock MYCLK (rise edge)
                             3.0000    3.0000   clock network delay (ideal)
                             0.1000    3.1000   clock uncertainty
                             0.0000    3.1000   clock reconvergence pessimism
                                       3.1000 ^ _387_/CLK (sky130_fd_sc_hd__dfrtp_1)
                             3.1734    6.2734   library removal time
                                       6.2734   data required time
------------------------------------------------------------------------------------
                                       6.2734   data required time
                                      -6.1942   data arrival time
------------------------------------------------------------------------------------
                                      -0.0792   slack (VIOLATED)


Startpoint: increase_duty (input port clocked by MYCLK)
Endpoint: _418_ (rising edge-triggered flip-flop clocked by MYCLK)
Path Group: MYCLK
Path Type: min

Fanout       Cap      Slew     Delay      Time   Description
------------------------------------------------------------------------------------
                   0.0000    0.0000    0.0000   clock MYCLK (rise edge)
                             3.0000    3.0000   clock network delay (ideal)
                             1.0000    4.0000 ^ input external delay
                   0.1000    0.0000    4.0000 ^ increase_duty (in)
    1    0.0017                                 increase_duty (net)
                   0.1000    0.0000    4.0000 ^ _382_/A1 (sky130_fd_sc_hd__mux2_1)
                   0.1217    0.3790    4.3790 ^ _382_/X (sky130_fd_sc_hd__mux2_1)
    1    0.0017                                 _229_ (net)
                   0.1217    0.0000    4.3790 ^ _418_/D (sky130_fd_sc_hd__dfrtp_1)
                                       4.3790   data arrival time

                   0.0000    0.0000    0.0000   clock MYCLK (rise edge)
                             3.0000    3.0000   clock network delay (ideal)
                             0.1000    3.1000   clock uncertainty
                             0.0000    3.1000   clock reconvergence pessimism
                                       3.1000 ^ _418_/CLK (sky130_fd_sc_hd__dfrtp_1)
                            -0.1463    2.9537   library hold time
                                       2.9537   data required time
------------------------------------------------------------------------------------
                                       2.9537   data required time
                                      -4.3790   data arrival time
------------------------------------------------------------------------------------
                                       1.4252   slack (MET)


Startpoint: _389_ (rising edge-triggered flip-flop clocked by MYCLK)
Endpoint: PWM_OUT (output port clocked by MYGEN_CLK)
Path Group: MYGEN_CLK
Path Type: min

Fanout       Cap      Slew     Delay      Time   Description
------------------------------------------------------------------------------------
                   0.0000    0.0000    0.0000   clock MYCLK (rise edge)
                             3.0000    3.0000   clock network delay (ideal)
                   0.0000    0.0000    3.0000 ^ _389_/CLK (sky130_fd_sc_hd__dfrtp_1)
                   0.4579    1.5723    4.5723 ^ _389_/Q (sky130_fd_sc_hd__dfrtp_1)
    5    0.0123                                 DUTY_CYCLE[3] (net)
                   0.4579    0.0000    4.5723 ^ _360_/A (sky130_fd_sc_hd__maj3_1)
                   2.1736    2.1733    6.7456 ^ _360_/X (sky130_fd_sc_hd__maj3_1)
    1    0.0500                                 _223_ (net)
                   2.1736    0.0000    6.7456 ^ PWM_OUT (out)
                                       6.7456   data arrival time

                   0.0000    0.0000    0.0000   clock MYGEN_CLK (rise edge)
                             0.0000    0.0000   clock network delay (ideal)
                             0.0000    0.0000   clock reconvergence pessimism
                            -1.0000   -1.0000   output external delay
                                      -1.0000   data required time
------------------------------------------------------------------------------------
                                      -1.0000   data required time
                                      -6.7456   data arrival time
------------------------------------------------------------------------------------
                                       7.7456   slack (MET)


Startpoint: reset (input port clocked by MYCLK)
Endpoint: _386_ (recovery check against rising-edge clock MYCLK)
Path Group: **async_default**
Path Type: max

Fanout       Cap      Slew     Delay      Time   Description
------------------------------------------------------------------------------------
                   0.0000    0.0000    0.0000   clock MYCLK (rise edge)
                             3.0000    3.0000   clock network delay (ideal)
                             5.0000    8.0000 v input external delay
                   0.4000    0.0000    8.0000 v reset (in)
    1    0.0024                                 reset (net)
                   0.4000    0.0000    8.0000 v _331_/A (sky130_fd_sc_hd__clkinv_1)
                   2.8635    2.3765   10.3765 ^ _331_/Y (sky130_fd_sc_hd__clkinv_1)
   40    0.1200                                 _224_ (net)
                   2.8635    0.0000   10.3765 ^ _386_/SET_B (sky130_fd_sc_hd__dfstp_2)
                                      10.3765   data arrival time

                   0.0000   10.0000   10.0000   clock MYCLK (rise edge)
                             3.0000   13.0000   clock network delay (ideal)
                            -0.5000   12.5000   clock uncertainty
                             0.0000   12.5000   clock reconvergence pessimism
                                      12.5000 ^ _386_/CLK (sky130_fd_sc_hd__dfstp_2)
                            -0.4368   12.0632   library recovery time
                                      12.0632   data required time
------------------------------------------------------------------------------------
                                      12.0632   data required time
                                     -10.3765   data arrival time
------------------------------------------------------------------------------------
                                       1.6867   slack (MET)


Startpoint: _397_ (rising edge-triggered flip-flop clocked by MYCLK)
Endpoint: _389_ (rising edge-triggered flip-flop clocked by MYCLK)
Path Group: MYCLK
Path Type: max

Fanout       Cap      Slew     Delay      Time   Description
------------------------------------------------------------------------------------
                   0.0000    0.0000    0.0000   clock MYCLK (rise edge)
                             3.0000    3.0000   clock network delay (ideal)
                   0.0000    0.0000    3.0000 ^ _397_/CLK (sky130_fd_sc_hd__dfrtp_1)
                   0.1062    1.4779    4.4779 v _397_/Q (sky130_fd_sc_hd__dfrtp_1)
    1    0.0011                                 counter_debounce[7] (net)
                   0.1062    0.0000    4.4779 v _333_/A (sky130_fd_sc_hd__or4_1)
                   0.4041    3.6285    8.1064 v _333_/X (sky130_fd_sc_hd__or4_1)
    2    0.0034                                 _304_ (net)
                   0.4041    0.0000    8.1064 v _368_/B (sky130_fd_sc_hd__nor4_1)
                   3.3632    3.3630   11.4694 ^ _368_/Y (sky130_fd_sc_hd__nor4_1)
    5    0.0127                                 _289_ (net)
                   3.3632    0.0000   11.4694 ^ _369_/C (sky130_fd_sc_hd__nand3_1)
                   0.7056    2.0688   13.5382 v _369_/Y (sky130_fd_sc_hd__nand3_1)
    5    0.0165                                 _290_ (net)
                   0.7056    0.0000   13.5382 v _374_/C (sky130_fd_sc_hd__maj3_1)
                   0.3150    2.4825   16.0207 v _374_/X (sky130_fd_sc_hd__maj3_1)
    2    0.0063                                 _293_ (net)
                   0.3150    0.0000   16.0207 v _378_/C (sky130_fd_sc_hd__maj3_1)
                   0.2790    2.2090   18.2297 v _378_/X (sky130_fd_sc_hd__maj3_1)
    1    0.0037                                 _296_ (net)
                   0.2790    0.0000   18.2297 v _380_/A (sky130_fd_sc_hd__xnor2_1)
                   0.1008    0.5863   18.8160 v _380_/Y (sky130_fd_sc_hd__xnor2_1)
    1    0.0013                                 _298_ (net)
                   0.1008    0.0000   18.8160 v _381_/A0 (sky130_fd_sc_hd__mux2_1)
                   0.2094    1.8178   20.6339 v _381_/X (sky130_fd_sc_hd__mux2_1)
    1    0.0016                                 _228_ (net)
                   0.2094    0.0000   20.6339 v _389_/D (sky130_fd_sc_hd__dfrtp_1)
                                      20.6339   data arrival time

                   0.0000   10.0000   10.0000   clock MYCLK (rise edge)
                             3.0000   13.0000   clock network delay (ideal)
                            -0.5000   12.5000   clock uncertainty
                             0.0000   12.5000   clock reconvergence pessimism
                                      12.5000 ^ _389_/CLK (sky130_fd_sc_hd__dfrtp_1)
                            -1.1523   11.3477   library setup time
                                      11.3477   data required time
------------------------------------------------------------------------------------
                                      11.3477   data required time
                                     -20.6339   data arrival time
------------------------------------------------------------------------------------
                                      -9.2862   slack (VIOLATED)


Startpoint: _386_ (rising edge-triggered flip-flop clocked by MYCLK)
Endpoint: PWM_OUT (output port clocked by MYGEN_CLK)
Path Group: MYGEN_CLK
Path Type: max

Fanout       Cap      Slew     Delay      Time   Description
------------------------------------------------------------------------------------
                   0.0000    0.0000    0.0000   clock MYCLK (rise edge)
                             3.0000    3.0000   clock network delay (ideal)
                   0.0000    0.0000    3.0000 ^ _386_/CLK (sky130_fd_sc_hd__dfstp_2)
                   0.1114    1.3465    4.3465 v _386_/Q (sky130_fd_sc_hd__dfstp_2)
    5    0.0128                                 DUTY_CYCLE[0] (net)
                   0.1114    0.0000    4.3465 v _357_/A (sky130_fd_sc_hd__lpflow_isobufsrc_1)
                   0.1001    0.5828    4.9293 v _357_/X (sky130_fd_sc_hd__lpflow_isobufsrc_1)
    1    0.0026                                 _279_ (net)
                   0.1001    0.0000    4.9293 v _358_/C (sky130_fd_sc_hd__maj3_1)
                   0.2611    2.0830    7.0123 v _358_/X (sky130_fd_sc_hd__maj3_1)
    1    0.0026                                 _280_ (net)
                   0.2611    0.0000    7.0123 v _359_/C (sky130_fd_sc_hd__maj3_1)
                   0.2610    2.1536    9.1659 v _359_/X (sky130_fd_sc_hd__maj3_1)
    1    0.0026                                 _281_ (net)
                   0.2610    0.0000    9.1659 v _360_/C (sky130_fd_sc_hd__maj3_1)
                   1.2092    3.1639   12.3298 v _360_/X (sky130_fd_sc_hd__maj3_1)
    1    0.1000                                 _223_ (net)
                   1.2092    0.0000   12.3298 v PWM_OUT (out)
                                      12.3298   data arrival time

                   0.0000   10.0000   10.0000   clock MYGEN_CLK (rise edge)
                             0.0000   10.0000   clock network delay (ideal)
                             0.0000   10.0000   clock reconvergence pessimism
                            -3.0000    7.0000   output external delay
                                       7.0000   data required time
------------------------------------------------------------------------------------
                                       7.0000   data required time
                                     -12.3298   data arrival time
------------------------------------------------------------------------------------
                                      -5.3298   slack (VIOLATED)


