Warning: sta.tcl, 5 report_checks -verbose is not a known keyword or flag.
Startpoint: reset (input port clocked by MYCLK)
Endpoint: _387_ (removal check against rising-edge clock MYCLK)
Path Group: **async_default**
Path Type: min

Fanout       Cap      Slew     Delay      Time   Description
------------------------------------------------------------------------------------
                   0.0000    0.0000    0.0000   clock MYCLK (rise edge)
                             3.0000    3.0000   clock network delay (ideal)
                             1.0000    4.0000 v input external delay
                   0.1000    0.0000    4.0000 v reset (in)
    1    0.0029                                 reset (net)
                   0.1000    0.0000    4.0000 v _331_/A (sky130_fd_sc_hd__clkinv_1)
                   1.1334    0.8531    4.8531 ^ _331_/Y (sky130_fd_sc_hd__clkinv_1)
   40    0.1306                                 _224_ (net)
                   1.1334    0.0000    4.8531 ^ _387_/RESET_B (sky130_fd_sc_hd__dfrtp_1)
                                       4.8531   data arrival time

                   0.0000    0.0000    0.0000   clock MYCLK (rise edge)
                             3.0000    3.0000   clock network delay (ideal)
                             0.1000    3.1000   clock uncertainty
                             0.0000    3.1000   clock reconvergence pessimism
                                       3.1000 ^ _387_/CLK (sky130_fd_sc_hd__dfrtp_1)
                             0.9634    4.0634   library removal time
                                       4.0634   data required time
------------------------------------------------------------------------------------
                                       4.0634   data required time
                                      -4.8531   data arrival time
------------------------------------------------------------------------------------
                                       0.7897   slack (MET)


Startpoint: _421_ (rising edge-triggered flip-flop clocked by MYCLK)
Endpoint: _421_ (rising edge-triggered flip-flop clocked by MYCLK)
Path Group: MYCLK
Path Type: min

Fanout       Cap      Slew     Delay      Time   Description
------------------------------------------------------------------------------------
                   0.0000    0.0000    0.0000   clock MYCLK (rise edge)
                             3.0000    3.0000   clock network delay (ideal)
                   0.0000    0.0000    3.0000 ^ _421_/CLK (sky130_fd_sc_hd__dfrtp_1)
                   0.1565    0.6724    3.6724 ^ _421_/Q (sky130_fd_sc_hd__dfrtp_1)
    4    0.0089                                 counter_PWM[0] (net)
                   0.1565    0.0000    3.6724 ^ _351_/A (sky130_fd_sc_hd__nor2_1)
                   0.0512    0.1075    3.7799 v _351_/Y (sky130_fd_sc_hd__nor2_1)
    1    0.0018                                 _187_ (net)
                   0.0512    0.0000    3.7799 v _421_/D (sky130_fd_sc_hd__dfrtp_1)
                                       3.7799   data arrival time

                   0.0000    0.0000    0.0000   clock MYCLK (rise edge)
                             3.0000    3.0000   clock network delay (ideal)
                             0.1000    3.1000   clock uncertainty
                             0.0000    3.1000   clock reconvergence pessimism
                                       3.1000 ^ _421_/CLK (sky130_fd_sc_hd__dfrtp_1)
                            -0.1073    2.9927   library hold time
                                       2.9927   data required time
------------------------------------------------------------------------------------
                                       2.9927   data required time
                                      -3.7799   data arrival time
------------------------------------------------------------------------------------
                                       0.7872   slack (MET)


Startpoint: _389_ (rising edge-triggered flip-flop clocked by MYCLK)
Endpoint: PWM_OUT (output port clocked by MYGEN_CLK)
Path Group: MYGEN_CLK
Path Type: min

Fanout       Cap      Slew     Delay      Time   Description
------------------------------------------------------------------------------------
                   0.0000    0.0000    0.0000   clock MYCLK (rise edge)
                             3.0000    3.0000   clock network delay (ideal)
                   0.0000    0.0000    3.0000 ^ _389_/CLK (sky130_fd_sc_hd__dfrtp_1)
                   0.2200    0.7267    3.7267 ^ _389_/Q (sky130_fd_sc_hd__dfrtp_1)
    5    0.0141                                 DUTY_CYCLE[3] (net)
                   0.2200    0.0000    3.7267 ^ _360_/A (sky130_fd_sc_hd__maj3_1)
                   0.7837    0.8668    4.5935 ^ _360_/X (sky130_fd_sc_hd__maj3_1)
    1    0.0500                                 _223_ (net)
                   0.7837    0.0000    4.5935 ^ PWM_OUT (out)
                                       4.5935   data arrival time

                   0.0000    0.0000    0.0000   clock MYGEN_CLK (rise edge)
                             0.0000    0.0000   clock network delay (ideal)
                             0.0000    0.0000   clock reconvergence pessimism
                            -1.0000   -1.0000   output external delay
                                      -1.0000   data required time
------------------------------------------------------------------------------------
                                      -1.0000   data required time
                                      -4.5935   data arrival time
------------------------------------------------------------------------------------
                                       5.5935   slack (MET)


Startpoint: reset (input port clocked by MYCLK)
Endpoint: _387_ (recovery check against rising-edge clock MYCLK)
Path Group: **async_default**
Path Type: max

Fanout       Cap      Slew     Delay      Time   Description
------------------------------------------------------------------------------------
                   0.0000    0.0000    0.0000   clock MYCLK (rise edge)
                             3.0000    3.0000   clock network delay (ideal)
                             5.0000    8.0000 v input external delay
                   0.4000    0.0000    8.0000 v reset (in)
    1    0.0029                                 reset (net)
                   0.4000    0.0000    8.0000 v _331_/A (sky130_fd_sc_hd__clkinv_1)
                   1.1349    0.9945    8.9945 ^ _331_/Y (sky130_fd_sc_hd__clkinv_1)
   40    0.1306                                 _224_ (net)
                   1.1349    0.0000    8.9945 ^ _387_/RESET_B (sky130_fd_sc_hd__dfrtp_1)
                                       8.9945   data arrival time

                   0.0000   10.0000   10.0000   clock MYCLK (rise edge)
                             3.0000   13.0000   clock network delay (ideal)
                            -0.5000   12.5000   clock uncertainty
                             0.0000   12.5000   clock reconvergence pessimism
                                      12.5000 ^ _387_/CLK (sky130_fd_sc_hd__dfrtp_1)
                             0.0429   12.5429   library recovery time
                                      12.5429   data required time
------------------------------------------------------------------------------------
                                      12.5429   data required time
                                      -8.9945   data arrival time
------------------------------------------------------------------------------------
                                       3.5485   slack (MET)


Startpoint: _397_ (rising edge-triggered flip-flop clocked by MYCLK)
Endpoint: _389_ (rising edge-triggered flip-flop clocked by MYCLK)
Path Group: MYCLK
Path Type: max

Fanout       Cap      Slew     Delay      Time   Description
------------------------------------------------------------------------------------
                   0.0000    0.0000    0.0000   clock MYCLK (rise edge)
                             3.0000    3.0000   clock network delay (ideal)
                   0.0000    0.0000    3.0000 ^ _397_/CLK (sky130_fd_sc_hd__dfrtp_1)
                   0.0635    0.6768    3.6768 v _397_/Q (sky130_fd_sc_hd__dfrtp_1)
    1    0.0013                                 counter_debounce[7] (net)
                   0.0635    0.0000    3.6768 v _333_/A (sky130_fd_sc_hd__or4_1)
                   0.1949    1.2237    4.9004 v _333_/X (sky130_fd_sc_hd__or4_1)
    2    0.0037                                 _304_ (net)
                   0.1949    0.0000    4.9004 v _368_/B (sky130_fd_sc_hd__nor4_1)
                   1.1091    1.0493    5.9498 ^ _368_/Y (sky130_fd_sc_hd__nor4_1)
    5    0.0143                                 _289_ (net)
                   1.1091    0.0000    5.9498 ^ _369_/C (sky130_fd_sc_hd__nand3_1)
                   0.5289    0.7532    6.7030 v _369_/Y (sky130_fd_sc_hd__nand3_1)
    5    0.0184                                 _290_ (net)
                   0.5289    0.0000    6.7030 v _374_/C (sky130_fd_sc_hd__maj3_1)
                   0.1873    0.9993    7.7023 v _374_/X (sky130_fd_sc_hd__maj3_1)
    2    0.0072                                 _293_ (net)
                   0.1873    0.0000    7.7023 v _378_/C (sky130_fd_sc_hd__maj3_1)
                   0.1587    0.8259    8.5282 v _378_/X (sky130_fd_sc_hd__maj3_1)
    1    0.0043                                 _296_ (net)
                   0.1587    0.0000    8.5282 v _380_/A (sky130_fd_sc_hd__xnor2_1)
                   0.0729    0.2379    8.7660 v _380_/Y (sky130_fd_sc_hd__xnor2_1)
    1    0.0015                                 _298_ (net)
                   0.0729    0.0000    8.7660 v _381_/A0 (sky130_fd_sc_hd__mux2_1)
                   0.1032    0.6126    9.3786 v _381_/X (sky130_fd_sc_hd__mux2_1)
    1    0.0018                                 _228_ (net)
                   0.1032    0.0000    9.3786 v _389_/D (sky130_fd_sc_hd__dfrtp_1)
                                       9.3786   data arrival time

                   0.0000   10.0000   10.0000   clock MYCLK (rise edge)
                             3.0000   13.0000   clock network delay (ideal)
                            -0.5000   12.5000   clock uncertainty
                             0.0000   12.5000   clock reconvergence pessimism
                                      12.5000 ^ _389_/CLK (sky130_fd_sc_hd__dfrtp_1)
                            -0.3091   12.1909   library setup time
                                      12.1909   data required time
------------------------------------------------------------------------------------
                                      12.1909   data required time
                                      -9.3786   data arrival time
------------------------------------------------------------------------------------
                                       2.8123   slack (MET)


Startpoint: _386_ (rising edge-triggered flip-flop clocked by MYCLK)
Endpoint: PWM_OUT (output port clocked by MYGEN_CLK)
Path Group: MYGEN_CLK
Path Type: max

Fanout       Cap      Slew     Delay      Time   Description
------------------------------------------------------------------------------------
                   0.0000    0.0000    0.0000   clock MYCLK (rise edge)
                             3.0000    3.0000   clock network delay (ideal)
                   0.0000    0.0000    3.0000 ^ _386_/CLK (sky130_fd_sc_hd__dfstp_2)
                   0.0860    0.7210    3.7210 v _386_/Q (sky130_fd_sc_hd__dfstp_2)
    5    0.0149                                 DUTY_CYCLE[0] (net)
                   0.0860    0.0000    3.7210 v _357_/A (sky130_fd_sc_hd__lpflow_isobufsrc_1)
                   0.0660    0.2677    3.9887 v _357_/X (sky130_fd_sc_hd__lpflow_isobufsrc_1)
    1    0.0029                                 _279_ (net)
                   0.0660    0.0000    3.9887 v _358_/C (sky130_fd_sc_hd__maj3_1)
                   0.1394    0.7606    4.7493 v _358_/X (sky130_fd_sc_hd__maj3_1)
    1    0.0029                                 _280_ (net)
                   0.1394    0.0000    4.7493 v _359_/C (sky130_fd_sc_hd__maj3_1)
                   0.1394    0.7846    5.5339 v _359_/X (sky130_fd_sc_hd__maj3_1)
    1    0.0029                                 _281_ (net)
                   0.1394    0.0000    5.5339 v _360_/C (sky130_fd_sc_hd__maj3_1)
                   0.9066    1.5151    7.0491 v _360_/X (sky130_fd_sc_hd__maj3_1)
    1    0.1000                                 _223_ (net)
                   0.9066    0.0000    7.0491 v PWM_OUT (out)
                                       7.0491   data arrival time

                   0.0000   10.0000   10.0000   clock MYGEN_CLK (rise edge)
                             0.0000   10.0000   clock network delay (ideal)
                             0.0000   10.0000   clock reconvergence pessimism
                            -3.0000    7.0000   output external delay
                                       7.0000   data required time
------------------------------------------------------------------------------------
                                       7.0000   data required time
                                      -7.0491   data arrival time
------------------------------------------------------------------------------------
                                      -0.0491   slack (VIOLATED)


